2026-09-15 14:42:23,448 INFO httpx: HTTP Request: HEAD https://huggingface.co/lerobot/smolvla_base/resolve/main/config.json "HTTP/1.1 307 Temporary Redirect"
2026-09-15 14:42:23,470 INFO httpx: HTTP Request: HEAD https://huggingface.co/api/resolve-cache/models/lerobot/smolvla_base/c83c3163b8ca9b7e67c509fffd9121e66cb96205/config.json?%2Flerobot%2Fsmolvla_base%2Fresolve%2Fmain%2Fconfig.json=&etag=%2236d4d51c1b01be11b2c7a074ab34bf5ee6db9021%22 "HTTP/1.1 200 OK"
2026-09-15 14:42:23,779 INFO httpx: HTTP Request: HEAD https://huggingface.co/HuggingFaceTB/SmolVLM2-500M-Video-Instruct/resolve/main/config.json "HTTP/1.1 307 Temporary Redirect"
2026-09-15 14:42:23,801 INFO httpx: HTTP Request: HEAD https://huggingface.co/api/resolve-cache/models/HuggingFaceTB/SmolVLM2-500M-Video-Instruct/7b375e1b73b11138ff12fe22c8f2822d8fe03467/config.json?%2FHuggingFaceTB%2FSmolVLM2-500M-Video-Instruct%2Fresolve%2Fmain%2Fconfig.json=&etag=%222463e842695989a207176fdb249327a494b05cfb%22 "HTTP/1.1 200 OK"
2026-09-15 14:42:25,077 INFO httpx: HTTP Request: HEAD https://huggingface.co/HuggingFaceTB/SmolVLM2-500M-Video-Instruct/resolve/main/generation_config.json "HTTP/1.1 307 Temporary Redirect"
2026-09-15 14:42:25,102 INFO httpx: HTTP Request: HEAD https://huggingface.co/api/resolve-cache/models/HuggingFaceTB/SmolVLM2-500M-Video-Instruct/7b375e1b73b11138ff12fe22c8f2822d8fe03467/generation_config.json?%2FHuggingFaceTB%2FSmolVLM2-500M-Video-Instruct%2Fresolve%2Fmain%2Fgeneration_config.json=&etag=%22eace9aa6d392fd94dbe0c90825074c53fd7ecd4a%22 "HTTP/1.1 200 OK"
2026-09-15 14:42:25,395 INFO httpx: HTTP Request: HEAD https://huggingface.co/HuggingFaceTB/SmolVLM2-500M-Video-Instruct/resolve/main/processor_config.json "HTTP/1.1 307 Temporary Redirect"
2026-09-15 14:42:25,418 INFO httpx: HTTP Request: HEAD https://huggingface.co/api/resolve-cache/models/HuggingFaceTB/SmolVLM2-500M-Video-Instruct/7b375e1b73b11138ff12fe22c8f2822d8fe03467/processor_config.json?%2FHuggingFaceTB%2FSmolVLM2-500M-Video-Instruct%2Fresolve%2Fmain%2Fprocessor_config.json=&etag=%2283df8c48da1f41e1a9129a4bc2aba000eb2b529f%22 "HTTP/1.1 200 OK"
2026-09-15 14:42:25,760 INFO httpx: HTTP Request: GET https://huggingface.co/api/models/HuggingFaceTB/SmolVLM2-500M-Video-Instruct/tree/main/additional_chat_templates?recursive=false&expand=false "HTTP/1.1 404 Not Found"
2026-09-15 14:42:26,063 INFO httpx: HTTP Request: HEAD https://huggingface.co/HuggingFaceTB/SmolVLM2-500M-Video-Instruct/resolve/main/processor_config.json "HTTP/1.1 307 Temporary Redirect"
2026-09-15 14:42:26,089 INFO httpx: HTTP Request: HEAD https://huggingface.co/api/resolve-cache/models/HuggingFaceTB/SmolVLM2-500M-Video-Instruct/7b375e1b73b11138ff12fe22c8f2822d8fe03467/processor_config.json?%2FHuggingFaceTB%2FSmolVLM2-500M-Video-Instruct%2Fresolve%2Fmain%2Fprocessor_config.json=&etag=%2283df8c48da1f41e1a9129a4bc2aba000eb2b529f%22 "HTTP/1.1 200 OK"
2026-09-15 14:42:26,395 INFO httpx: HTTP Request: HEAD https://huggingface.co/HuggingFaceTB/SmolVLM2-500M-Video-Instruct/resolve/main/chat_template.json "HTTP/1.1 307 Temporary Redirect"
2026-09-15 14:42:26,417 INFO httpx: HTTP Request: HEAD https://huggingface.co/api/resolve-cache/models/HuggingFaceTB/SmolVLM2-500M-Video-Instruct/7b375e1b73b11138ff12fe22c8f2822d8fe03467/chat_template.json?%2FHuggingFaceTB%2FSmolVLM2-500M-Video-Instruct%2Fresolve%2Fmain%2Fchat_template.json=&etag=%221d342e4f070c962a14ba4ece4e06212bc70d8e36%22 "HTTP/1.1 200 OK"
2026-09-15 14:42:26,708 INFO httpx: HTTP Request: HEAD https://huggingface.co/HuggingFaceTB/SmolVLM2-500M-Video-Instruct/resolve/main/chat_template.jinja "HTTP/1.1 404 Not Found"
2026-09-15 14:42:26,998 INFO httpx: HTTP Request: HEAD https://huggingface.co/HuggingFaceTB/SmolVLM2-500M-Video-Instruct/resolve/main/audio_tokenizer_config.json "HTTP/1.1 404 Not Found"
2026-09-15 14:42:27,384 INFO httpx: HTTP Request: GET https://huggingface.co/api/models/HuggingFaceTB/SmolVLM2-500M-Video-Instruct/tree/main/additional_chat_templates?recursive=false&expand=false "HTTP/1.1 404 Not Found"
2026-09-15 14:42:27,691 INFO httpx: HTTP Request: HEAD https://huggingface.co/HuggingFaceTB/SmolVLM2-500M-Video-Instruct/resolve/main/processor_config.json "HTTP/1.1 307 Temporary Redirect"
2026-09-15 14:42:27,725 INFO httpx: HTTP Request: HEAD https://huggingface.co/api/resolve-cache/models/HuggingFaceTB/SmolVLM2-500M-Video-Instruct/7b375e1b73b11138ff12fe22c8f2822d8fe03467/processor_config.json?%2FHuggingFaceTB%2FSmolVLM2-500M-Video-Instruct%2Fresolve%2Fmain%2Fprocessor_config.json=&etag=%2283df8c48da1f41e1a9129a4bc2aba000eb2b529f%22 "HTTP/1.1 200 OK"
2026-09-15 14:42:28,038 INFO httpx: HTTP Request: HEAD https://huggingface.co/HuggingFaceTB/SmolVLM2-500M-Video-Instruct/resolve/main/chat_template.json "HTTP/1.1 307 Temporary Redirect"
2026-09-15 14:42:28,061 INFO httpx: HTTP Request: HEAD https://huggingface.co/api/resolve-cache/models/HuggingFaceTB/SmolVLM2-500M-Video-Instruct/7b375e1b73b11138ff12fe22c8f2822d8fe03467/chat_template.json?%2FHuggingFaceTB%2FSmolVLM2-500M-Video-Instruct%2Fresolve%2Fmain%2Fchat_template.json=&etag=%221d342e4f070c962a14ba4ece4e06212bc70d8e36%22 "HTTP/1.1 200 OK"
2026-09-15 14:42:28,349 INFO httpx: HTTP Request: HEAD https://huggingface.co/HuggingFaceTB/SmolVLM2-500M-Video-Instruct/resolve/main/chat_template.jinja "HTTP/1.1 404 Not Found"
2026-09-15 14:42:28,631 INFO httpx: HTTP Request: HEAD https://huggingface.co/HuggingFaceTB/SmolVLM2-500M-Video-Instruct/resolve/main/audio_tokenizer_config.json "HTTP/1.1 404 Not Found"
2026-09-15 14:42:28,928 INFO httpx: HTTP Request: HEAD https://huggingface.co/HuggingFaceTB/SmolVLM2-500M-Video-Instruct/resolve/main/processor_config.json "HTTP/1.1 307 Temporary Redirect"
2026-09-15 14:42:28,954 INFO httpx: HTTP Request: HEAD https://huggingface.co/api/resolve-cache/models/HuggingFaceTB/SmolVLM2-500M-Video-Instruct/7b375e1b73b11138ff12fe22c8f2822d8fe03467/processor_config.json?%2FHuggingFaceTB%2FSmolVLM2-500M-Video-Instruct%2Fresolve%2Fmain%2Fprocessor_config.json=&etag=%2283df8c48da1f41e1a9129a4bc2aba000eb2b529f%22 "HTTP/1.1 200 OK"
2026-09-15 14:42:29,243 INFO httpx: HTTP Request: HEAD https://huggingface.co/HuggingFaceTB/SmolVLM2-500M-Video-Instruct/resolve/main/preprocessor_config.json "HTTP/1.1 307 Temporary Redirect"
2026-09-15 14:42:29,269 INFO httpx: HTTP Request: HEAD https://huggingface.co/api/resolve-cache/models/HuggingFaceTB/SmolVLM2-500M-Video-Instruct/7b375e1b73b11138ff12fe22c8f2822d8fe03467/preprocessor_config.json?%2FHuggingFaceTB%2FSmolVLM2-500M-Video-Instruct%2Fresolve%2Fmain%2Fpreprocessor_config.json=&etag=%22bf7669a38692ad141d333db3be18bd55cb6e2c59%22 "HTTP/1.1 200 OK"
2026-09-15 14:42:29,569 INFO httpx: HTTP Request: HEAD https://huggingface.co/HuggingFaceTB/SmolVLM2-500M-Video-Instruct/resolve/main/processor_config.json "HTTP/1.1 307 Temporary Redirect"
2026-09-15 14:42:29,593 INFO httpx: HTTP Request: HEAD https://huggingface.co/api/resolve-cache/models/HuggingFaceTB/SmolVLM2-500M-Video-Instruct/7b375e1b73b11138ff12fe22c8f2822d8fe03467/processor_config.json?%2FHuggingFaceTB%2FSmolVLM2-500M-Video-Instruct%2Fresolve%2Fmain%2Fprocessor_config.json=&etag=%2283df8c48da1f41e1a9129a4bc2aba000eb2b529f%22 "HTTP/1.1 200 OK"
2026-09-15 14:42:29,882 INFO httpx: HTTP Request: HEAD https://huggingface.co/HuggingFaceTB/SmolVLM2-500M-Video-Instruct/resolve/main/preprocessor_config.json "HTTP/1.1 307 Temporary Redirect"
2026-09-15 14:42:29,905 INFO httpx: HTTP Request: HEAD https://huggingface.co/api/resolve-cache/models/HuggingFaceTB/SmolVLM2-500M-Video-Instruct/7b375e1b73b11138ff12fe22c8f2822d8fe03467/preprocessor_config.json?%2FHuggingFaceTB%2FSmolVLM2-500M-Video-Instruct%2Fresolve%2Fmain%2Fpreprocessor_config.json=&etag=%22bf7669a38692ad141d333db3be18bd55cb6e2c59%22 "HTTP/1.1 200 OK"
2026-09-15 14:42:30,193 INFO httpx: HTTP Request: HEAD https://huggingface.co/HuggingFaceTB/SmolVLM2-500M-Video-Instruct/resolve/main/config.json "HTTP/1.1 307 Temporary Redirect"
2026-09-15 14:42:30,218 INFO httpx: HTTP Request: HEAD https://huggingface.co/api/resolve-cache/models/HuggingFaceTB/SmolVLM2-500M-Video-Instruct/7b375e1b73b11138ff12fe22c8f2822d8fe03467/config.json?%2FHuggingFaceTB%2FSmolVLM2-500M-Video-Instruct%2Fresolve%2Fmain%2Fconfig.json=&etag=%222463e842695989a207176fdb249327a494b05cfb%22 "HTTP/1.1 200 OK"
2026-09-15 14:42:30,516 INFO httpx: HTTP Request: HEAD https://huggingface.co/HuggingFaceTB/SmolVLM2-500M-Video-Instruct/resolve/main/tokenizer_config.json "HTTP/1.1 307 Temporary Redirect"
2026-09-15 14:42:30,538 INFO httpx: HTTP Request: HEAD https://huggingface.co/api/resolve-cache/models/HuggingFaceTB/SmolVLM2-500M-Video-Instruct/7b375e1b73b11138ff12fe22c8f2822d8fe03467/tokenizer_config.json?%2FHuggingFaceTB%2FSmolVLM2-500M-Video-Instruct%2Fresolve%2Fmain%2Ftokenizer_config.json=&etag=%22e4042a1126290fdb96ece2a4ad8dd7108c5de484%22 "HTTP/1.1 200 OK"
2026-09-15 14:42:30,830 INFO httpx: HTTP Request: GET https://huggingface.co/api/models/HuggingFaceTB/SmolVLM2-500M-Video-Instruct/tree/main/additional_chat_templates?recursive=false&expand=false "HTTP/1.1 404 Not Found"
2026-09-15 14:42:31,117 INFO httpx: HTTP Request: GET https://huggingface.co/api/models/HuggingFaceTB/SmolVLM2-500M-Video-Instruct/tree/main?recursive=true&expand=false "HTTP/1.1 200 OK"
2026-09-15 14:42:31,640 INFO httpx: HTTP Request: HEAD https://huggingface.co/HuggingFaceTB/SmolVLM2-500M-Video-Instruct/resolve/main/processor_config.json "HTTP/1.1 307 Temporary Redirect"
2026-09-15 14:42:31,665 INFO httpx: HTTP Request: HEAD https://huggingface.co/api/resolve-cache/models/HuggingFaceTB/SmolVLM2-500M-Video-Instruct/7b375e1b73b11138ff12fe22c8f2822d8fe03467/processor_config.json?%2FHuggingFaceTB%2FSmolVLM2-500M-Video-Instruct%2Fresolve%2Fmain%2Fprocessor_config.json=&etag=%2283df8c48da1f41e1a9129a4bc2aba000eb2b529f%22 "HTTP/1.1 200 OK"
2026-09-15 14:42:31,954 INFO httpx: HTTP Request: HEAD https://huggingface.co/HuggingFaceTB/SmolVLM2-500M-Video-Instruct/resolve/main/video_preprocessor_config.json "HTTP/1.1 404 Not Found"
2026-09-15 14:42:32,263 INFO httpx: HTTP Request: HEAD https://huggingface.co/HuggingFaceTB/SmolVLM2-500M-Video-Instruct/resolve/main/preprocessor_config.json "HTTP/1.1 307 Temporary Redirect"
2026-09-15 14:42:32,286 INFO httpx: HTTP Request: HEAD https://huggingface.co/api/resolve-cache/models/HuggingFaceTB/SmolVLM2-500M-Video-Instruct/7b375e1b73b11138ff12fe22c8f2822d8fe03467/preprocessor_config.json?%2FHuggingFaceTB%2FSmolVLM2-500M-Video-Instruct%2Fresolve%2Fmain%2Fpreprocessor_config.json=&etag=%22bf7669a38692ad141d333db3be18bd55cb6e2c59%22 "HTTP/1.1 200 OK"
2026-09-15 14:42:32,594 INFO httpx: HTTP Request: HEAD https://huggingface.co/HuggingFaceTB/SmolVLM2-500M-Video-Instruct/resolve/main/processor_config.json "HTTP/1.1 307 Temporary Redirect"
2026-09-15 14:42:32,619 INFO httpx: HTTP Request: HEAD https://huggingface.co/api/resolve-cache/models/HuggingFaceTB/SmolVLM2-500M-Video-Instruct/7b375e1b73b11138ff12fe22c8f2822d8fe03467/processor_config.json?%2FHuggingFaceTB%2FSmolVLM2-500M-Video-Instruct%2Fresolve%2Fmain%2Fprocessor_config.json=&etag=%2283df8c48da1f41e1a9129a4bc2aba000eb2b529f%22 "HTTP/1.1 200 OK"
2026-09-15 14:42:32,899 INFO httpx: HTTP Request: HEAD https://huggingface.co/HuggingFaceTB/SmolVLM2-500M-Video-Instruct/resolve/main/video_preprocessor_config.json "HTTP/1.1 404 Not Found"
2026-09-15 14:42:33,206 INFO httpx: HTTP Request: HEAD https://huggingface.co/HuggingFaceTB/SmolVLM2-500M-Video-Instruct/resolve/main/preprocessor_config.json "HTTP/1.1 307 Temporary Redirect"
2026-09-15 14:42:33,229 INFO httpx: HTTP Request: HEAD https://huggingface.co/api/resolve-cache/models/HuggingFaceTB/SmolVLM2-500M-Video-Instruct/7b375e1b73b11138ff12fe22c8f2822d8fe03467/preprocessor_config.json?%2FHuggingFaceTB%2FSmolVLM2-500M-Video-Instruct%2Fresolve%2Fmain%2Fpreprocessor_config.json=&etag=%22bf7669a38692ad141d333db3be18bd55cb6e2c59%22 "HTTP/1.1 200 OK"
2026-09-15 14:42:41,038 INFO httpx: HTTP Request: HEAD https://huggingface.co/lerobot/smolvla_base/resolve/main/model.safetensors "HTTP/1.1 302 Found"
2026-09-15 14:42:43,689 INFO httpx: HTTP Request: HEAD https://huggingface.co/lerobot/smolvla_base/resolve/main/policy_preprocessor.json "HTTP/1.1 307 Temporary Redirect"
2026-09-15 14:42:43,711 INFO httpx: HTTP Request: HEAD https://huggingface.co/api/resolve-cache/models/lerobot/smolvla_base/c83c3163b8ca9b7e67c509fffd9121e66cb96205/policy_preprocessor.json?%2Flerobot%2Fsmolvla_base%2Fresolve%2Fmain%2Fpolicy_preprocessor.json=&etag=%224df8f7cbce54095074f9cf31b663e5af5c006f85%22 "HTTP/1.1 200 OK"
2026-09-15 14:42:44,016 INFO httpx: HTTP Request: HEAD https://huggingface.co/HuggingFaceTB/SmolVLM2-500M-Video-Instruct/resolve/main/config.json "HTTP/1.1 307 Temporary Redirect"
2026-09-15 14:42:44,039 INFO httpx: HTTP Request: HEAD https://huggingface.co/api/resolve-cache/models/HuggingFaceTB/SmolVLM2-500M-Video-Instruct/7b375e1b73b11138ff12fe22c8f2822d8fe03467/config.json?%2FHuggingFaceTB%2FSmolVLM2-500M-Video-Instruct%2Fresolve%2Fmain%2Fconfig.json=&etag=%222463e842695989a207176fdb249327a494b05cfb%22 "HTTP/1.1 200 OK"
2026-09-15 14:42:44,349 INFO httpx: HTTP Request: HEAD https://huggingface.co/HuggingFaceTB/SmolVLM2-500M-Video-Instruct/resolve/main/tokenizer_config.json "HTTP/1.1 307 Temporary Redirect"
2026-09-15 14:42:44,373 INFO httpx: HTTP Request: HEAD https://huggingface.co/api/resolve-cache/models/HuggingFaceTB/SmolVLM2-500M-Video-Instruct/7b375e1b73b11138ff12fe22c8f2822d8fe03467/tokenizer_config.json?%2FHuggingFaceTB%2FSmolVLM2-500M-Video-Instruct%2Fresolve%2Fmain%2Ftokenizer_config.json=&etag=%22e4042a1126290fdb96ece2a4ad8dd7108c5de484%22 "HTTP/1.1 200 OK"
2026-09-15 14:42:44,678 INFO httpx: HTTP Request: GET https://huggingface.co/api/models/HuggingFaceTB/SmolVLM2-500M-Video-Instruct/tree/main/additional_chat_templates?recursive=false&expand=false "HTTP/1.1 404 Not Found"
2026-09-15 14:42:44,997 INFO httpx: HTTP Request: GET https://huggingface.co/api/models/HuggingFaceTB/SmolVLM2-500M-Video-Instruct/tree/main?recursive=true&expand=false "HTTP/1.1 200 OK"
2026-09-15 14:42:45,398 INFO httpx: HTTP Request: HEAD https://huggingface.co/lerobot/smolvla_base/resolve/main/policy_postprocessor.json "HTTP/1.1 307 Temporary Redirect"
2026-09-15 14:42:45,420 INFO httpx: HTTP Request: HEAD https://huggingface.co/api/resolve-cache/models/lerobot/smolvla_base/c83c3163b8ca9b7e67c509fffd9121e66cb96205/policy_postprocessor.json?%2Flerobot%2Fsmolvla_base%2Fresolve%2Fmain%2Fpolicy_postprocessor.json=&etag=%226f8997e5be18c67bad9377dd2cd9622ba38b5ae3%22 "HTTP/1.1 200 OK"
2026-09-15 14:42:45,436 WARNING src.model.smolvla_wrapper: postprocessor has no stats bound to the 'action' key: predicted actions are in NORMALISED units. Pass dataset_stats_key='so100' to bind one of the stored statistic sets.
2026-09-15 14:42:47,585 INFO rollout: action mapping:
action space in : normalized
model dim -> robosuite dim (OSC_POSE)
    0 -> 0 (dx)    ARBITRARY
    1 -> 1 (dy)    ARBITRARY
    2 -> 2 (dz)    ARBITRARY
    3 -> 3 (drx)    ARBITRARY
    4 -> 4 (dry)    ARBITRARY
    - -> 5 (drz)   held at 0, no counterpart
    5 -> 6 (gripper)  the one real correspondence
2026-09-15 14:42:49,399 INFO rollout: episode   0  success=False len= 40    1.8s  peak VRAM 1.75 GiB
2026-09-15 14:42:50,233 INFO rollout: episode   1  success=False len= 40    0.8s  peak VRAM 1.75 GiB
2026-09-15 14:42:51,109 INFO rollout: episode   2  success=False len= 40    0.9s  peak VRAM 1.75 GiB
2026-09-15 14:42:51,963 INFO rollout: episode   3  success=False len= 40    0.9s  peak VRAM 1.75 GiB
2026-09-15 14:42:52,802 INFO rollout: episode   4  success=False len= 40    0.8s  peak VRAM 1.75 GiB
2026-09-15 14:42:53,626 INFO rollout: episode   5  success=False len= 40    0.8s  peak VRAM 1.75 GiB
2026-09-15 14:42:54,483 INFO rollout: episode   6  success=False len= 40    0.9s  peak VRAM 1.75 GiB
2026-09-15 14:42:55,330 INFO rollout: episode   7  success=False len= 40    0.8s  peak VRAM 1.75 GiB
2026-09-15 14:42:56,154 INFO rollout: episode   8  success=False len= 40    0.8s  peak VRAM 1.75 GiB
2026-09-15 14:42:57,002 INFO rollout: episode   9  success=False len= 40    0.8s  peak VRAM 1.75 GiB
2026-09-15 14:42:57,890 INFO rollout: episode  10  success=False len= 40    0.9s  peak VRAM 1.75 GiB
2026-09-15 14:42:58,751 INFO rollout: episode  11  success=False len= 40    0.9s  peak VRAM 1.75 GiB
2026-09-15 14:42:59,591 INFO rollout: episode  12  success=False len= 40    0.8s  peak VRAM 1.75 GiB
2026-09-15 14:43:00,501 INFO rollout: episode  13  success=False len= 40    0.9s  peak VRAM 1.75 GiB
