2026-09-15 14:46:06,229 INFO httpx: HTTP Request: HEAD https://huggingface.co/lerobot/smolvla_base/resolve/main/config.json "HTTP/1.1 307 Temporary Redirect"
2026-09-15 14:46:06,253 INFO httpx: HTTP Request: HEAD https://huggingface.co/api/resolve-cache/models/lerobot/smolvla_base/c83c3163b8ca9b7e67c509fffd9121e66cb96205/config.json?%2Flerobot%2Fsmolvla_base%2Fresolve%2Fmain%2Fconfig.json=&etag=%2236d4d51c1b01be11b2c7a074ab34bf5ee6db9021%22 "HTTP/1.1 200 OK"
2026-09-15 14:46:06,589 INFO httpx: HTTP Request: HEAD https://huggingface.co/HuggingFaceTB/SmolVLM2-500M-Video-Instruct/resolve/main/config.json "HTTP/1.1 307 Temporary Redirect"
2026-09-15 14:46:06,615 INFO httpx: HTTP Request: HEAD https://huggingface.co/api/resolve-cache/models/HuggingFaceTB/SmolVLM2-500M-Video-Instruct/7b375e1b73b11138ff12fe22c8f2822d8fe03467/config.json?%2FHuggingFaceTB%2FSmolVLM2-500M-Video-Instruct%2Fresolve%2Fmain%2Fconfig.json=&etag=%222463e842695989a207176fdb249327a494b05cfb%22 "HTTP/1.1 200 OK"
2026-09-15 14:46:07,907 INFO httpx: HTTP Request: HEAD https://huggingface.co/HuggingFaceTB/SmolVLM2-500M-Video-Instruct/resolve/main/generation_config.json "HTTP/1.1 307 Temporary Redirect"
2026-09-15 14:46:07,932 INFO httpx: HTTP Request: HEAD https://huggingface.co/api/resolve-cache/models/HuggingFaceTB/SmolVLM2-500M-Video-Instruct/7b375e1b73b11138ff12fe22c8f2822d8fe03467/generation_config.json?%2FHuggingFaceTB%2FSmolVLM2-500M-Video-Instruct%2Fresolve%2Fmain%2Fgeneration_config.json=&etag=%22eace9aa6d392fd94dbe0c90825074c53fd7ecd4a%22 "HTTP/1.1 200 OK"
2026-09-15 14:46:08,235 INFO httpx: HTTP Request: HEAD https://huggingface.co/HuggingFaceTB/SmolVLM2-500M-Video-Instruct/resolve/main/processor_config.json "HTTP/1.1 307 Temporary Redirect"
2026-09-15 14:46:08,263 INFO httpx: HTTP Request: HEAD https://huggingface.co/api/resolve-cache/models/HuggingFaceTB/SmolVLM2-500M-Video-Instruct/7b375e1b73b11138ff12fe22c8f2822d8fe03467/processor_config.json?%2FHuggingFaceTB%2FSmolVLM2-500M-Video-Instruct%2Fresolve%2Fmain%2Fprocessor_config.json=&etag=%2283df8c48da1f41e1a9129a4bc2aba000eb2b529f%22 "HTTP/1.1 200 OK"
2026-09-15 14:46:08,553 INFO httpx: HTTP Request: GET https://huggingface.co/api/models/HuggingFaceTB/SmolVLM2-500M-Video-Instruct/tree/main/additional_chat_templates?recursive=false&expand=false "HTTP/1.1 404 Not Found"
2026-09-15 14:46:08,857 INFO httpx: HTTP Request: HEAD https://huggingface.co/HuggingFaceTB/SmolVLM2-500M-Video-Instruct/resolve/main/processor_config.json "HTTP/1.1 307 Temporary Redirect"
2026-09-15 14:46:08,884 INFO httpx: HTTP Request: HEAD https://huggingface.co/api/resolve-cache/models/HuggingFaceTB/SmolVLM2-500M-Video-Instruct/7b375e1b73b11138ff12fe22c8f2822d8fe03467/processor_config.json?%2FHuggingFaceTB%2FSmolVLM2-500M-Video-Instruct%2Fresolve%2Fmain%2Fprocessor_config.json=&etag=%2283df8c48da1f41e1a9129a4bc2aba000eb2b529f%22 "HTTP/1.1 200 OK"
2026-09-15 14:46:09,169 INFO httpx: HTTP Request: HEAD https://huggingface.co/HuggingFaceTB/SmolVLM2-500M-Video-Instruct/resolve/main/chat_template.json "HTTP/1.1 307 Temporary Redirect"
2026-09-15 14:46:09,192 INFO httpx: HTTP Request: HEAD https://huggingface.co/api/resolve-cache/models/HuggingFaceTB/SmolVLM2-500M-Video-Instruct/7b375e1b73b11138ff12fe22c8f2822d8fe03467/chat_template.json?%2FHuggingFaceTB%2FSmolVLM2-500M-Video-Instruct%2Fresolve%2Fmain%2Fchat_template.json=&etag=%221d342e4f070c962a14ba4ece4e06212bc70d8e36%22 "HTTP/1.1 200 OK"
2026-09-15 14:46:09,481 INFO httpx: HTTP Request: HEAD https://huggingface.co/HuggingFaceTB/SmolVLM2-500M-Video-Instruct/resolve/main/chat_template.jinja "HTTP/1.1 404 Not Found"
2026-09-15 14:46:09,775 INFO httpx: HTTP Request: HEAD https://huggingface.co/HuggingFaceTB/SmolVLM2-500M-Video-Instruct/resolve/main/audio_tokenizer_config.json "HTTP/1.1 404 Not Found"
2026-09-15 14:46:10,139 INFO httpx: HTTP Request: GET https://huggingface.co/api/models/HuggingFaceTB/SmolVLM2-500M-Video-Instruct/tree/main/additional_chat_templates?recursive=false&expand=false "HTTP/1.1 404 Not Found"
2026-09-15 14:46:10,432 INFO httpx: HTTP Request: HEAD https://huggingface.co/HuggingFaceTB/SmolVLM2-500M-Video-Instruct/resolve/main/processor_config.json "HTTP/1.1 307 Temporary Redirect"
2026-09-15 14:46:10,454 INFO httpx: HTTP Request: HEAD https://huggingface.co/api/resolve-cache/models/HuggingFaceTB/SmolVLM2-500M-Video-Instruct/7b375e1b73b11138ff12fe22c8f2822d8fe03467/processor_config.json?%2FHuggingFaceTB%2FSmolVLM2-500M-Video-Instruct%2Fresolve%2Fmain%2Fprocessor_config.json=&etag=%2283df8c48da1f41e1a9129a4bc2aba000eb2b529f%22 "HTTP/1.1 200 OK"
2026-09-15 14:46:10,745 INFO httpx: HTTP Request: HEAD https://huggingface.co/HuggingFaceTB/SmolVLM2-500M-Video-Instruct/resolve/main/chat_template.json "HTTP/1.1 307 Temporary Redirect"
2026-09-15 14:46:10,769 INFO httpx: HTTP Request: HEAD https://huggingface.co/api/resolve-cache/models/HuggingFaceTB/SmolVLM2-500M-Video-Instruct/7b375e1b73b11138ff12fe22c8f2822d8fe03467/chat_template.json?%2FHuggingFaceTB%2FSmolVLM2-500M-Video-Instruct%2Fresolve%2Fmain%2Fchat_template.json=&etag=%221d342e4f070c962a14ba4ece4e06212bc70d8e36%22 "HTTP/1.1 200 OK"
2026-09-15 14:46:11,073 INFO httpx: HTTP Request: HEAD https://huggingface.co/HuggingFaceTB/SmolVLM2-500M-Video-Instruct/resolve/main/chat_template.jinja "HTTP/1.1 404 Not Found"
2026-09-15 14:46:11,385 INFO httpx: HTTP Request: HEAD https://huggingface.co/HuggingFaceTB/SmolVLM2-500M-Video-Instruct/resolve/main/audio_tokenizer_config.json "HTTP/1.1 404 Not Found"
2026-09-15 14:46:11,689 INFO httpx: HTTP Request: HEAD https://huggingface.co/HuggingFaceTB/SmolVLM2-500M-Video-Instruct/resolve/main/processor_config.json "HTTP/1.1 307 Temporary Redirect"
2026-09-15 14:46:11,713 INFO httpx: HTTP Request: HEAD https://huggingface.co/api/resolve-cache/models/HuggingFaceTB/SmolVLM2-500M-Video-Instruct/7b375e1b73b11138ff12fe22c8f2822d8fe03467/processor_config.json?%2FHuggingFaceTB%2FSmolVLM2-500M-Video-Instruct%2Fresolve%2Fmain%2Fprocessor_config.json=&etag=%2283df8c48da1f41e1a9129a4bc2aba000eb2b529f%22 "HTTP/1.1 200 OK"
2026-09-15 14:46:12,012 INFO httpx: HTTP Request: HEAD https://huggingface.co/HuggingFaceTB/SmolVLM2-500M-Video-Instruct/resolve/main/preprocessor_config.json "HTTP/1.1 307 Temporary Redirect"
2026-09-15 14:46:12,036 INFO httpx: HTTP Request: HEAD https://huggingface.co/api/resolve-cache/models/HuggingFaceTB/SmolVLM2-500M-Video-Instruct/7b375e1b73b11138ff12fe22c8f2822d8fe03467/preprocessor_config.json?%2FHuggingFaceTB%2FSmolVLM2-500M-Video-Instruct%2Fresolve%2Fmain%2Fpreprocessor_config.json=&etag=%22bf7669a38692ad141d333db3be18bd55cb6e2c59%22 "HTTP/1.1 200 OK"
2026-09-15 14:46:12,353 INFO httpx: HTTP Request: HEAD https://huggingface.co/HuggingFaceTB/SmolVLM2-500M-Video-Instruct/resolve/main/processor_config.json "HTTP/1.1 307 Temporary Redirect"
2026-09-15 14:46:12,377 INFO httpx: HTTP Request: HEAD https://huggingface.co/api/resolve-cache/models/HuggingFaceTB/SmolVLM2-500M-Video-Instruct/7b375e1b73b11138ff12fe22c8f2822d8fe03467/processor_config.json?%2FHuggingFaceTB%2FSmolVLM2-500M-Video-Instruct%2Fresolve%2Fmain%2Fprocessor_config.json=&etag=%2283df8c48da1f41e1a9129a4bc2aba000eb2b529f%22 "HTTP/1.1 200 OK"
2026-09-15 14:46:12,669 INFO httpx: HTTP Request: HEAD https://huggingface.co/HuggingFaceTB/SmolVLM2-500M-Video-Instruct/resolve/main/preprocessor_config.json "HTTP/1.1 307 Temporary Redirect"
2026-09-15 14:46:12,695 INFO httpx: HTTP Request: HEAD https://huggingface.co/api/resolve-cache/models/HuggingFaceTB/SmolVLM2-500M-Video-Instruct/7b375e1b73b11138ff12fe22c8f2822d8fe03467/preprocessor_config.json?%2FHuggingFaceTB%2FSmolVLM2-500M-Video-Instruct%2Fresolve%2Fmain%2Fpreprocessor_config.json=&etag=%22bf7669a38692ad141d333db3be18bd55cb6e2c59%22 "HTTP/1.1 200 OK"
2026-09-15 14:46:12,992 INFO httpx: HTTP Request: HEAD https://huggingface.co/HuggingFaceTB/SmolVLM2-500M-Video-Instruct/resolve/main/config.json "HTTP/1.1 307 Temporary Redirect"
2026-09-15 14:46:13,018 INFO httpx: HTTP Request: HEAD https://huggingface.co/api/resolve-cache/models/HuggingFaceTB/SmolVLM2-500M-Video-Instruct/7b375e1b73b11138ff12fe22c8f2822d8fe03467/config.json?%2FHuggingFaceTB%2FSmolVLM2-500M-Video-Instruct%2Fresolve%2Fmain%2Fconfig.json=&etag=%222463e842695989a207176fdb249327a494b05cfb%22 "HTTP/1.1 200 OK"
2026-09-15 14:46:13,323 INFO httpx: HTTP Request: HEAD https://huggingface.co/HuggingFaceTB/SmolVLM2-500M-Video-Instruct/resolve/main/tokenizer_config.json "HTTP/1.1 307 Temporary Redirect"
2026-09-15 14:46:13,347 INFO httpx: HTTP Request: HEAD https://huggingface.co/api/resolve-cache/models/HuggingFaceTB/SmolVLM2-500M-Video-Instruct/7b375e1b73b11138ff12fe22c8f2822d8fe03467/tokenizer_config.json?%2FHuggingFaceTB%2FSmolVLM2-500M-Video-Instruct%2Fresolve%2Fmain%2Ftokenizer_config.json=&etag=%22e4042a1126290fdb96ece2a4ad8dd7108c5de484%22 "HTTP/1.1 200 OK"
2026-09-15 14:46:13,663 INFO httpx: HTTP Request: GET https://huggingface.co/api/models/HuggingFaceTB/SmolVLM2-500M-Video-Instruct/tree/main/additional_chat_templates?recursive=false&expand=false "HTTP/1.1 404 Not Found"
2026-09-15 14:46:13,952 INFO httpx: HTTP Request: GET https://huggingface.co/api/models/HuggingFaceTB/SmolVLM2-500M-Video-Instruct/tree/main?recursive=true&expand=false "HTTP/1.1 200 OK"
2026-09-15 14:46:14,446 INFO httpx: HTTP Request: HEAD https://huggingface.co/HuggingFaceTB/SmolVLM2-500M-Video-Instruct/resolve/main/processor_config.json "HTTP/1.1 307 Temporary Redirect"
2026-09-15 14:46:14,471 INFO httpx: HTTP Request: HEAD https://huggingface.co/api/resolve-cache/models/HuggingFaceTB/SmolVLM2-500M-Video-Instruct/7b375e1b73b11138ff12fe22c8f2822d8fe03467/processor_config.json?%2FHuggingFaceTB%2FSmolVLM2-500M-Video-Instruct%2Fresolve%2Fmain%2Fprocessor_config.json=&etag=%2283df8c48da1f41e1a9129a4bc2aba000eb2b529f%22 "HTTP/1.1 200 OK"
2026-09-15 14:46:14,787 INFO httpx: HTTP Request: HEAD https://huggingface.co/HuggingFaceTB/SmolVLM2-500M-Video-Instruct/resolve/main/video_preprocessor_config.json "HTTP/1.1 404 Not Found"
2026-09-15 14:46:15,098 INFO httpx: HTTP Request: HEAD https://huggingface.co/HuggingFaceTB/SmolVLM2-500M-Video-Instruct/resolve/main/preprocessor_config.json "HTTP/1.1 307 Temporary Redirect"
2026-09-15 14:46:15,126 INFO httpx: HTTP Request: HEAD https://huggingface.co/api/resolve-cache/models/HuggingFaceTB/SmolVLM2-500M-Video-Instruct/7b375e1b73b11138ff12fe22c8f2822d8fe03467/preprocessor_config.json?%2FHuggingFaceTB%2FSmolVLM2-500M-Video-Instruct%2Fresolve%2Fmain%2Fpreprocessor_config.json=&etag=%22bf7669a38692ad141d333db3be18bd55cb6e2c59%22 "HTTP/1.1 200 OK"
2026-09-15 14:46:15,415 INFO httpx: HTTP Request: HEAD https://huggingface.co/HuggingFaceTB/SmolVLM2-500M-Video-Instruct/resolve/main/processor_config.json "HTTP/1.1 307 Temporary Redirect"
2026-09-15 14:46:15,439 INFO httpx: HTTP Request: HEAD https://huggingface.co/api/resolve-cache/models/HuggingFaceTB/SmolVLM2-500M-Video-Instruct/7b375e1b73b11138ff12fe22c8f2822d8fe03467/processor_config.json?%2FHuggingFaceTB%2FSmolVLM2-500M-Video-Instruct%2Fresolve%2Fmain%2Fprocessor_config.json=&etag=%2283df8c48da1f41e1a9129a4bc2aba000eb2b529f%22 "HTTP/1.1 200 OK"
2026-09-15 14:46:15,738 INFO httpx: HTTP Request: HEAD https://huggingface.co/HuggingFaceTB/SmolVLM2-500M-Video-Instruct/resolve/main/video_preprocessor_config.json "HTTP/1.1 404 Not Found"
2026-09-15 14:46:16,030 INFO httpx: HTTP Request: HEAD https://huggingface.co/HuggingFaceTB/SmolVLM2-500M-Video-Instruct/resolve/main/preprocessor_config.json "HTTP/1.1 307 Temporary Redirect"
2026-09-15 14:46:16,056 INFO httpx: HTTP Request: HEAD https://huggingface.co/api/resolve-cache/models/HuggingFaceTB/SmolVLM2-500M-Video-Instruct/7b375e1b73b11138ff12fe22c8f2822d8fe03467/preprocessor_config.json?%2FHuggingFaceTB%2FSmolVLM2-500M-Video-Instruct%2Fresolve%2Fmain%2Fpreprocessor_config.json=&etag=%22bf7669a38692ad141d333db3be18bd55cb6e2c59%22 "HTTP/1.1 200 OK"
2026-09-15 14:46:23,520 INFO httpx: HTTP Request: HEAD https://huggingface.co/lerobot/smolvla_base/resolve/main/model.safetensors "HTTP/1.1 302 Found"
2026-09-15 14:46:25,923 INFO httpx: HTTP Request: HEAD https://huggingface.co/lerobot/smolvla_base/resolve/main/policy_preprocessor.json "HTTP/1.1 307 Temporary Redirect"
2026-09-15 14:46:25,948 INFO httpx: HTTP Request: HEAD https://huggingface.co/api/resolve-cache/models/lerobot/smolvla_base/c83c3163b8ca9b7e67c509fffd9121e66cb96205/policy_preprocessor.json?%2Flerobot%2Fsmolvla_base%2Fresolve%2Fmain%2Fpolicy_preprocessor.json=&etag=%224df8f7cbce54095074f9cf31b663e5af5c006f85%22 "HTTP/1.1 200 OK"
2026-09-15 14:46:26,237 INFO httpx: HTTP Request: HEAD https://huggingface.co/HuggingFaceTB/SmolVLM2-500M-Video-Instruct/resolve/main/config.json "HTTP/1.1 307 Temporary Redirect"
2026-09-15 14:46:26,261 INFO httpx: HTTP Request: HEAD https://huggingface.co/api/resolve-cache/models/HuggingFaceTB/SmolVLM2-500M-Video-Instruct/7b375e1b73b11138ff12fe22c8f2822d8fe03467/config.json?%2FHuggingFaceTB%2FSmolVLM2-500M-Video-Instruct%2Fresolve%2Fmain%2Fconfig.json=&etag=%222463e842695989a207176fdb249327a494b05cfb%22 "HTTP/1.1 200 OK"
2026-09-15 14:46:26,618 INFO httpx: HTTP Request: HEAD https://huggingface.co/HuggingFaceTB/SmolVLM2-500M-Video-Instruct/resolve/main/tokenizer_config.json "HTTP/1.1 307 Temporary Redirect"
2026-09-15 14:46:26,641 INFO httpx: HTTP Request: HEAD https://huggingface.co/api/resolve-cache/models/HuggingFaceTB/SmolVLM2-500M-Video-Instruct/7b375e1b73b11138ff12fe22c8f2822d8fe03467/tokenizer_config.json?%2FHuggingFaceTB%2FSmolVLM2-500M-Video-Instruct%2Fresolve%2Fmain%2Ftokenizer_config.json=&etag=%22e4042a1126290fdb96ece2a4ad8dd7108c5de484%22 "HTTP/1.1 200 OK"
2026-09-15 14:46:26,931 INFO httpx: HTTP Request: GET https://huggingface.co/api/models/HuggingFaceTB/SmolVLM2-500M-Video-Instruct/tree/main/additional_chat_templates?recursive=false&expand=false "HTTP/1.1 404 Not Found"
2026-09-15 14:46:27,229 INFO httpx: HTTP Request: GET https://huggingface.co/api/models/HuggingFaceTB/SmolVLM2-500M-Video-Instruct/tree/main?recursive=true&expand=false "HTTP/1.1 200 OK"
2026-09-15 14:46:27,637 INFO httpx: HTTP Request: HEAD https://huggingface.co/lerobot/smolvla_base/resolve/main/policy_postprocessor.json "HTTP/1.1 307 Temporary Redirect"
2026-09-15 14:46:27,669 INFO httpx: HTTP Request: HEAD https://huggingface.co/api/resolve-cache/models/lerobot/smolvla_base/c83c3163b8ca9b7e67c509fffd9121e66cb96205/policy_postprocessor.json?%2Flerobot%2Fsmolvla_base%2Fresolve%2Fmain%2Fpolicy_postprocessor.json=&etag=%226f8997e5be18c67bad9377dd2cd9622ba38b5ae3%22 "HTTP/1.1 200 OK"
2026-09-15 14:46:27,675 INFO src.model.smolvla_wrapper: bound so100.buffer.action -> 'action' on NormalizerProcessorStep
2026-09-15 14:46:27,675 INFO src.model.smolvla_wrapper: bound so100.buffer.action -> 'action' on UnnormalizerProcessorStep
2026-09-15 14:46:29,210 INFO rollout: action mapping:
action space in : degrees
model dim -> robosuite dim (OSC_POSE)
    0 -> 0 (dx)    ARBITRARY
    1 -> 1 (dy)    ARBITRARY
    2 -> 2 (dz)    ARBITRARY
    3 -> 3 (drx)    ARBITRARY
    4 -> 4 (dry)    ARBITRARY
    - -> 5 (drz)   held at 0, no counterpart
    5 -> 6 (gripper)  the one real correspondence
2026-09-15 14:46:33,186 INFO rollout: episode   0  success=False len=200    4.0s  peak VRAM 1.75 GiB
2026-09-15 14:46:36,792 INFO rollout: episode   1  success=False len=200    3.6s  peak VRAM 1.75 GiB
2026-09-15 14:46:40,402 INFO rollout: episode   2  success=False len=200    3.6s  peak VRAM 1.75 GiB
2026-09-15 14:46:43,995 INFO rollout: episode   3  success=False len=200    3.6s  peak VRAM 1.75 GiB
2026-09-15 14:46:47,570 INFO rollout: episode   4  success=False len=200    3.6s  peak VRAM 1.75 GiB
