2026-09-15 14:40:04,395 INFO httpx: HTTP Request: HEAD https://huggingface.co/lerobot/smolvla_base/resolve/main/config.json "HTTP/1.1 307 Temporary Redirect"
2026-09-15 14:40:04,419 INFO httpx: HTTP Request: HEAD https://huggingface.co/api/resolve-cache/models/lerobot/smolvla_base/c83c3163b8ca9b7e67c509fffd9121e66cb96205/config.json?%2Flerobot%2Fsmolvla_base%2Fresolve%2Fmain%2Fconfig.json=&etag=%2236d4d51c1b01be11b2c7a074ab34bf5ee6db9021%22 "HTTP/1.1 200 OK"
2026-09-15 14:40:04,734 INFO httpx: HTTP Request: HEAD https://huggingface.co/HuggingFaceTB/SmolVLM2-500M-Video-Instruct/resolve/main/config.json "HTTP/1.1 307 Temporary Redirect"
2026-09-15 14:40:04,759 INFO httpx: HTTP Request: HEAD https://huggingface.co/api/resolve-cache/models/HuggingFaceTB/SmolVLM2-500M-Video-Instruct/7b375e1b73b11138ff12fe22c8f2822d8fe03467/config.json?%2FHuggingFaceTB%2FSmolVLM2-500M-Video-Instruct%2Fresolve%2Fmain%2Fconfig.json=&etag=%222463e842695989a207176fdb249327a494b05cfb%22 "HTTP/1.1 200 OK"
2026-09-15 14:40:06,090 INFO httpx: HTTP Request: HEAD https://huggingface.co/HuggingFaceTB/SmolVLM2-500M-Video-Instruct/resolve/main/generation_config.json "HTTP/1.1 307 Temporary Redirect"
2026-09-15 14:40:06,114 INFO httpx: HTTP Request: HEAD https://huggingface.co/api/resolve-cache/models/HuggingFaceTB/SmolVLM2-500M-Video-Instruct/7b375e1b73b11138ff12fe22c8f2822d8fe03467/generation_config.json?%2FHuggingFaceTB%2FSmolVLM2-500M-Video-Instruct%2Fresolve%2Fmain%2Fgeneration_config.json=&etag=%22eace9aa6d392fd94dbe0c90825074c53fd7ecd4a%22 "HTTP/1.1 200 OK"
2026-09-15 14:40:06,401 INFO httpx: HTTP Request: HEAD https://huggingface.co/HuggingFaceTB/SmolVLM2-500M-Video-Instruct/resolve/main/processor_config.json "HTTP/1.1 307 Temporary Redirect"
2026-09-15 14:40:06,427 INFO httpx: HTTP Request: HEAD https://huggingface.co/api/resolve-cache/models/HuggingFaceTB/SmolVLM2-500M-Video-Instruct/7b375e1b73b11138ff12fe22c8f2822d8fe03467/processor_config.json?%2FHuggingFaceTB%2FSmolVLM2-500M-Video-Instruct%2Fresolve%2Fmain%2Fprocessor_config.json=&etag=%2283df8c48da1f41e1a9129a4bc2aba000eb2b529f%22 "HTTP/1.1 200 OK"
2026-09-15 14:40:06,725 INFO httpx: HTTP Request: GET https://huggingface.co/api/models/HuggingFaceTB/SmolVLM2-500M-Video-Instruct/tree/main/additional_chat_templates?recursive=false&expand=false "HTTP/1.1 404 Not Found"
2026-09-15 14:40:07,006 INFO httpx: HTTP Request: HEAD https://huggingface.co/HuggingFaceTB/SmolVLM2-500M-Video-Instruct/resolve/main/processor_config.json "HTTP/1.1 307 Temporary Redirect"
2026-09-15 14:40:07,031 INFO httpx: HTTP Request: HEAD https://huggingface.co/api/resolve-cache/models/HuggingFaceTB/SmolVLM2-500M-Video-Instruct/7b375e1b73b11138ff12fe22c8f2822d8fe03467/processor_config.json?%2FHuggingFaceTB%2FSmolVLM2-500M-Video-Instruct%2Fresolve%2Fmain%2Fprocessor_config.json=&etag=%2283df8c48da1f41e1a9129a4bc2aba000eb2b529f%22 "HTTP/1.1 200 OK"
2026-09-15 14:40:07,327 INFO httpx: HTTP Request: HEAD https://huggingface.co/HuggingFaceTB/SmolVLM2-500M-Video-Instruct/resolve/main/chat_template.json "HTTP/1.1 307 Temporary Redirect"
2026-09-15 14:40:07,350 INFO httpx: HTTP Request: HEAD https://huggingface.co/api/resolve-cache/models/HuggingFaceTB/SmolVLM2-500M-Video-Instruct/7b375e1b73b11138ff12fe22c8f2822d8fe03467/chat_template.json?%2FHuggingFaceTB%2FSmolVLM2-500M-Video-Instruct%2Fresolve%2Fmain%2Fchat_template.json=&etag=%221d342e4f070c962a14ba4ece4e06212bc70d8e36%22 "HTTP/1.1 200 OK"
2026-09-15 14:40:07,655 INFO httpx: HTTP Request: HEAD https://huggingface.co/HuggingFaceTB/SmolVLM2-500M-Video-Instruct/resolve/main/chat_template.jinja "HTTP/1.1 404 Not Found"
2026-09-15 14:40:07,955 INFO httpx: HTTP Request: HEAD https://huggingface.co/HuggingFaceTB/SmolVLM2-500M-Video-Instruct/resolve/main/audio_tokenizer_config.json "HTTP/1.1 404 Not Found"
2026-09-15 14:40:08,300 INFO httpx: HTTP Request: GET https://huggingface.co/api/models/HuggingFaceTB/SmolVLM2-500M-Video-Instruct/tree/main/additional_chat_templates?recursive=false&expand=false "HTTP/1.1 404 Not Found"
2026-09-15 14:40:08,595 INFO httpx: HTTP Request: HEAD https://huggingface.co/HuggingFaceTB/SmolVLM2-500M-Video-Instruct/resolve/main/processor_config.json "HTTP/1.1 307 Temporary Redirect"
2026-09-15 14:40:08,618 INFO httpx: HTTP Request: HEAD https://huggingface.co/api/resolve-cache/models/HuggingFaceTB/SmolVLM2-500M-Video-Instruct/7b375e1b73b11138ff12fe22c8f2822d8fe03467/processor_config.json?%2FHuggingFaceTB%2FSmolVLM2-500M-Video-Instruct%2Fresolve%2Fmain%2Fprocessor_config.json=&etag=%2283df8c48da1f41e1a9129a4bc2aba000eb2b529f%22 "HTTP/1.1 200 OK"
2026-09-15 14:40:08,906 INFO httpx: HTTP Request: HEAD https://huggingface.co/HuggingFaceTB/SmolVLM2-500M-Video-Instruct/resolve/main/chat_template.json "HTTP/1.1 307 Temporary Redirect"
2026-09-15 14:40:08,935 INFO httpx: HTTP Request: HEAD https://huggingface.co/api/resolve-cache/models/HuggingFaceTB/SmolVLM2-500M-Video-Instruct/7b375e1b73b11138ff12fe22c8f2822d8fe03467/chat_template.json?%2FHuggingFaceTB%2FSmolVLM2-500M-Video-Instruct%2Fresolve%2Fmain%2Fchat_template.json=&etag=%221d342e4f070c962a14ba4ece4e06212bc70d8e36%22 "HTTP/1.1 200 OK"
2026-09-15 14:40:09,272 INFO httpx: HTTP Request: HEAD https://huggingface.co/HuggingFaceTB/SmolVLM2-500M-Video-Instruct/resolve/main/chat_template.jinja "HTTP/1.1 404 Not Found"
2026-09-15 14:40:09,556 INFO httpx: HTTP Request: HEAD https://huggingface.co/HuggingFaceTB/SmolVLM2-500M-Video-Instruct/resolve/main/audio_tokenizer_config.json "HTTP/1.1 404 Not Found"
2026-09-15 14:40:09,842 INFO httpx: HTTP Request: HEAD https://huggingface.co/HuggingFaceTB/SmolVLM2-500M-Video-Instruct/resolve/main/processor_config.json "HTTP/1.1 307 Temporary Redirect"
2026-09-15 14:40:09,864 INFO httpx: HTTP Request: HEAD https://huggingface.co/api/resolve-cache/models/HuggingFaceTB/SmolVLM2-500M-Video-Instruct/7b375e1b73b11138ff12fe22c8f2822d8fe03467/processor_config.json?%2FHuggingFaceTB%2FSmolVLM2-500M-Video-Instruct%2Fresolve%2Fmain%2Fprocessor_config.json=&etag=%2283df8c48da1f41e1a9129a4bc2aba000eb2b529f%22 "HTTP/1.1 200 OK"
2026-09-15 14:40:10,168 INFO httpx: HTTP Request: HEAD https://huggingface.co/HuggingFaceTB/SmolVLM2-500M-Video-Instruct/resolve/main/preprocessor_config.json "HTTP/1.1 307 Temporary Redirect"
2026-09-15 14:40:10,192 INFO httpx: HTTP Request: HEAD https://huggingface.co/api/resolve-cache/models/HuggingFaceTB/SmolVLM2-500M-Video-Instruct/7b375e1b73b11138ff12fe22c8f2822d8fe03467/preprocessor_config.json?%2FHuggingFaceTB%2FSmolVLM2-500M-Video-Instruct%2Fresolve%2Fmain%2Fpreprocessor_config.json=&etag=%22bf7669a38692ad141d333db3be18bd55cb6e2c59%22 "HTTP/1.1 200 OK"
2026-09-15 14:40:10,505 INFO httpx: HTTP Request: HEAD https://huggingface.co/HuggingFaceTB/SmolVLM2-500M-Video-Instruct/resolve/main/processor_config.json "HTTP/1.1 307 Temporary Redirect"
2026-09-15 14:40:10,526 INFO httpx: HTTP Request: HEAD https://huggingface.co/api/resolve-cache/models/HuggingFaceTB/SmolVLM2-500M-Video-Instruct/7b375e1b73b11138ff12fe22c8f2822d8fe03467/processor_config.json?%2FHuggingFaceTB%2FSmolVLM2-500M-Video-Instruct%2Fresolve%2Fmain%2Fprocessor_config.json=&etag=%2283df8c48da1f41e1a9129a4bc2aba000eb2b529f%22 "HTTP/1.1 200 OK"
2026-09-15 14:40:10,822 INFO httpx: HTTP Request: HEAD https://huggingface.co/HuggingFaceTB/SmolVLM2-500M-Video-Instruct/resolve/main/preprocessor_config.json "HTTP/1.1 307 Temporary Redirect"
2026-09-15 14:40:10,849 INFO httpx: HTTP Request: HEAD https://huggingface.co/api/resolve-cache/models/HuggingFaceTB/SmolVLM2-500M-Video-Instruct/7b375e1b73b11138ff12fe22c8f2822d8fe03467/preprocessor_config.json?%2FHuggingFaceTB%2FSmolVLM2-500M-Video-Instruct%2Fresolve%2Fmain%2Fpreprocessor_config.json=&etag=%22bf7669a38692ad141d333db3be18bd55cb6e2c59%22 "HTTP/1.1 200 OK"
2026-09-15 14:40:11,148 INFO httpx: HTTP Request: HEAD https://huggingface.co/HuggingFaceTB/SmolVLM2-500M-Video-Instruct/resolve/main/config.json "HTTP/1.1 307 Temporary Redirect"
2026-09-15 14:40:11,175 INFO httpx: HTTP Request: HEAD https://huggingface.co/api/resolve-cache/models/HuggingFaceTB/SmolVLM2-500M-Video-Instruct/7b375e1b73b11138ff12fe22c8f2822d8fe03467/config.json?%2FHuggingFaceTB%2FSmolVLM2-500M-Video-Instruct%2Fresolve%2Fmain%2Fconfig.json=&etag=%222463e842695989a207176fdb249327a494b05cfb%22 "HTTP/1.1 200 OK"
2026-09-15 14:40:11,490 INFO httpx: HTTP Request: HEAD https://huggingface.co/HuggingFaceTB/SmolVLM2-500M-Video-Instruct/resolve/main/tokenizer_config.json "HTTP/1.1 307 Temporary Redirect"
2026-09-15 14:40:11,511 INFO httpx: HTTP Request: HEAD https://huggingface.co/api/resolve-cache/models/HuggingFaceTB/SmolVLM2-500M-Video-Instruct/7b375e1b73b11138ff12fe22c8f2822d8fe03467/tokenizer_config.json?%2FHuggingFaceTB%2FSmolVLM2-500M-Video-Instruct%2Fresolve%2Fmain%2Ftokenizer_config.json=&etag=%22e4042a1126290fdb96ece2a4ad8dd7108c5de484%22 "HTTP/1.1 200 OK"
2026-09-15 14:40:11,838 INFO httpx: HTTP Request: GET https://huggingface.co/api/models/HuggingFaceTB/SmolVLM2-500M-Video-Instruct/tree/main/additional_chat_templates?recursive=false&expand=false "HTTP/1.1 404 Not Found"
2026-09-15 14:40:12,118 INFO httpx: HTTP Request: GET https://huggingface.co/api/models/HuggingFaceTB/SmolVLM2-500M-Video-Instruct/tree/main?recursive=true&expand=false "HTTP/1.1 200 OK"
2026-09-15 14:40:12,639 INFO httpx: HTTP Request: HEAD https://huggingface.co/HuggingFaceTB/SmolVLM2-500M-Video-Instruct/resolve/main/processor_config.json "HTTP/1.1 307 Temporary Redirect"
2026-09-15 14:40:12,666 INFO httpx: HTTP Request: HEAD https://huggingface.co/api/resolve-cache/models/HuggingFaceTB/SmolVLM2-500M-Video-Instruct/7b375e1b73b11138ff12fe22c8f2822d8fe03467/processor_config.json?%2FHuggingFaceTB%2FSmolVLM2-500M-Video-Instruct%2Fresolve%2Fmain%2Fprocessor_config.json=&etag=%2283df8c48da1f41e1a9129a4bc2aba000eb2b529f%22 "HTTP/1.1 200 OK"
2026-09-15 14:40:12,956 INFO httpx: HTTP Request: HEAD https://huggingface.co/HuggingFaceTB/SmolVLM2-500M-Video-Instruct/resolve/main/video_preprocessor_config.json "HTTP/1.1 404 Not Found"
2026-09-15 14:40:13,244 INFO httpx: HTTP Request: HEAD https://huggingface.co/HuggingFaceTB/SmolVLM2-500M-Video-Instruct/resolve/main/preprocessor_config.json "HTTP/1.1 307 Temporary Redirect"
2026-09-15 14:40:13,266 INFO httpx: HTTP Request: HEAD https://huggingface.co/api/resolve-cache/models/HuggingFaceTB/SmolVLM2-500M-Video-Instruct/7b375e1b73b11138ff12fe22c8f2822d8fe03467/preprocessor_config.json?%2FHuggingFaceTB%2FSmolVLM2-500M-Video-Instruct%2Fresolve%2Fmain%2Fpreprocessor_config.json=&etag=%22bf7669a38692ad141d333db3be18bd55cb6e2c59%22 "HTTP/1.1 200 OK"
2026-09-15 14:40:13,585 INFO httpx: HTTP Request: HEAD https://huggingface.co/HuggingFaceTB/SmolVLM2-500M-Video-Instruct/resolve/main/processor_config.json "HTTP/1.1 307 Temporary Redirect"
2026-09-15 14:40:13,607 INFO httpx: HTTP Request: HEAD https://huggingface.co/api/resolve-cache/models/HuggingFaceTB/SmolVLM2-500M-Video-Instruct/7b375e1b73b11138ff12fe22c8f2822d8fe03467/processor_config.json?%2FHuggingFaceTB%2FSmolVLM2-500M-Video-Instruct%2Fresolve%2Fmain%2Fprocessor_config.json=&etag=%2283df8c48da1f41e1a9129a4bc2aba000eb2b529f%22 "HTTP/1.1 200 OK"
2026-09-15 14:40:13,901 INFO httpx: HTTP Request: HEAD https://huggingface.co/HuggingFaceTB/SmolVLM2-500M-Video-Instruct/resolve/main/video_preprocessor_config.json "HTTP/1.1 404 Not Found"
2026-09-15 14:40:14,205 INFO httpx: HTTP Request: HEAD https://huggingface.co/HuggingFaceTB/SmolVLM2-500M-Video-Instruct/resolve/main/preprocessor_config.json "HTTP/1.1 307 Temporary Redirect"
2026-09-15 14:40:14,227 INFO httpx: HTTP Request: HEAD https://huggingface.co/api/resolve-cache/models/HuggingFaceTB/SmolVLM2-500M-Video-Instruct/7b375e1b73b11138ff12fe22c8f2822d8fe03467/preprocessor_config.json?%2FHuggingFaceTB%2FSmolVLM2-500M-Video-Instruct%2Fresolve%2Fmain%2Fpreprocessor_config.json=&etag=%22bf7669a38692ad141d333db3be18bd55cb6e2c59%22 "HTTP/1.1 200 OK"
2026-09-15 14:40:21,799 INFO httpx: HTTP Request: HEAD https://huggingface.co/lerobot/smolvla_base/resolve/main/model.safetensors "HTTP/1.1 302 Found"
2026-09-15 14:40:24,459 INFO httpx: HTTP Request: HEAD https://huggingface.co/lerobot/smolvla_base/resolve/main/policy_preprocessor.json "HTTP/1.1 307 Temporary Redirect"
2026-09-15 14:40:24,481 INFO httpx: HTTP Request: HEAD https://huggingface.co/api/resolve-cache/models/lerobot/smolvla_base/c83c3163b8ca9b7e67c509fffd9121e66cb96205/policy_preprocessor.json?%2Flerobot%2Fsmolvla_base%2Fresolve%2Fmain%2Fpolicy_preprocessor.json=&etag=%224df8f7cbce54095074f9cf31b663e5af5c006f85%22 "HTTP/1.1 200 OK"
2026-09-15 14:40:24,783 INFO httpx: HTTP Request: HEAD https://huggingface.co/HuggingFaceTB/SmolVLM2-500M-Video-Instruct/resolve/main/config.json "HTTP/1.1 307 Temporary Redirect"
2026-09-15 14:40:24,807 INFO httpx: HTTP Request: HEAD https://huggingface.co/api/resolve-cache/models/HuggingFaceTB/SmolVLM2-500M-Video-Instruct/7b375e1b73b11138ff12fe22c8f2822d8fe03467/config.json?%2FHuggingFaceTB%2FSmolVLM2-500M-Video-Instruct%2Fresolve%2Fmain%2Fconfig.json=&etag=%222463e842695989a207176fdb249327a494b05cfb%22 "HTTP/1.1 200 OK"
2026-09-15 14:40:25,114 INFO httpx: HTTP Request: HEAD https://huggingface.co/HuggingFaceTB/SmolVLM2-500M-Video-Instruct/resolve/main/tokenizer_config.json "HTTP/1.1 307 Temporary Redirect"
2026-09-15 14:40:25,139 INFO httpx: HTTP Request: HEAD https://huggingface.co/api/resolve-cache/models/HuggingFaceTB/SmolVLM2-500M-Video-Instruct/7b375e1b73b11138ff12fe22c8f2822d8fe03467/tokenizer_config.json?%2FHuggingFaceTB%2FSmolVLM2-500M-Video-Instruct%2Fresolve%2Fmain%2Ftokenizer_config.json=&etag=%22e4042a1126290fdb96ece2a4ad8dd7108c5de484%22 "HTTP/1.1 200 OK"
2026-09-15 14:40:25,430 INFO httpx: HTTP Request: GET https://huggingface.co/api/models/HuggingFaceTB/SmolVLM2-500M-Video-Instruct/tree/main/additional_chat_templates?recursive=false&expand=false "HTTP/1.1 404 Not Found"
2026-09-15 14:40:25,737 INFO httpx: HTTP Request: GET https://huggingface.co/api/models/HuggingFaceTB/SmolVLM2-500M-Video-Instruct/tree/main?recursive=true&expand=false "HTTP/1.1 200 OK"
2026-09-15 14:40:26,146 INFO httpx: HTTP Request: HEAD https://huggingface.co/lerobot/smolvla_base/resolve/main/policy_postprocessor.json "HTTP/1.1 307 Temporary Redirect"
2026-09-15 14:40:26,167 INFO httpx: HTTP Request: HEAD https://huggingface.co/api/resolve-cache/models/lerobot/smolvla_base/c83c3163b8ca9b7e67c509fffd9121e66cb96205/policy_postprocessor.json?%2Flerobot%2Fsmolvla_base%2Fresolve%2Fmain%2Fpolicy_postprocessor.json=&etag=%226f8997e5be18c67bad9377dd2cd9622ba38b5ae3%22 "HTTP/1.1 200 OK"
2026-09-15 14:40:26,172 WARNING src.model.smolvla_wrapper: postprocessor has no stats bound to the 'action' key: predicted actions are in NORMALISED units. Pass dataset_stats_key='so100' to bind one of the stored statistic sets.
2026-09-15 14:40:27,998 INFO rollout: action mapping:
action space in : normalized
model dim -> robosuite dim (OSC_POSE)
    0 -> 0 (dx)    ARBITRARY
    1 -> 1 (dy)    ARBITRARY
    2 -> 2 (dz)    ARBITRARY
    3 -> 3 (drx)    ARBITRARY
    4 -> 4 (dry)    ARBITRARY
    - -> 5 (drz)   held at 0, no counterpart
    5 -> 6 (gripper)  the one real correspondence
2026-09-15 14:40:33,523 INFO rollout: episode   0  success=False len=200    5.5s  peak VRAM 1.75 GiB
2026-09-15 14:40:37,883 INFO rollout: episode   1  success=False len=200    4.4s  peak VRAM 1.75 GiB
2026-09-15 14:40:42,092 INFO rollout: episode   2  success=False len=200    4.2s  peak VRAM 1.75 GiB
2026-09-15 14:40:46,274 INFO rollout: episode   3  success=False len=200    4.2s  peak VRAM 1.75 GiB
2026-09-15 14:40:50,536 INFO rollout: episode   4  success=False len=200    4.3s  peak VRAM 1.75 GiB
2026-09-15 14:40:54,772 INFO rollout: episode   5  success=False len=200    4.2s  peak VRAM 1.75 GiB
2026-09-15 14:40:59,041 INFO rollout: episode   6  success=False len=200    4.3s  peak VRAM 1.75 GiB
2026-09-15 14:41:03,224 INFO rollout: episode   7  success=False len=200    4.2s  peak VRAM 1.75 GiB
2026-09-15 14:41:07,541 INFO rollout: episode   8  success=False len=200    4.3s  peak VRAM 1.75 GiB
2026-09-15 14:41:11,866 INFO rollout: episode   9  success=False len=200    4.3s  peak VRAM 1.75 GiB
