2026-09-15 14:37:36,055 INFO httpx: HTTP Request: HEAD https://huggingface.co/lerobot/smolvla_base/resolve/main/config.json "HTTP/1.1 307 Temporary Redirect"
2026-09-15 14:37:36,082 INFO httpx: HTTP Request: HEAD https://huggingface.co/api/resolve-cache/models/lerobot/smolvla_base/c83c3163b8ca9b7e67c509fffd9121e66cb96205/config.json?%2Flerobot%2Fsmolvla_base%2Fresolve%2Fmain%2Fconfig.json=&etag=%2236d4d51c1b01be11b2c7a074ab34bf5ee6db9021%22 "HTTP/1.1 200 OK"
2026-09-15 14:37:36,430 INFO httpx: HTTP Request: HEAD https://huggingface.co/HuggingFaceTB/SmolVLM2-500M-Video-Instruct/resolve/main/config.json "HTTP/1.1 307 Temporary Redirect"
2026-09-15 14:37:36,466 INFO httpx: HTTP Request: HEAD https://huggingface.co/api/resolve-cache/models/HuggingFaceTB/SmolVLM2-500M-Video-Instruct/7b375e1b73b11138ff12fe22c8f2822d8fe03467/config.json?%2FHuggingFaceTB%2FSmolVLM2-500M-Video-Instruct%2Fresolve%2Fmain%2Fconfig.json=&etag=%222463e842695989a207176fdb249327a494b05cfb%22 "HTTP/1.1 200 OK"
2026-09-15 14:37:37,777 INFO httpx: HTTP Request: HEAD https://huggingface.co/HuggingFaceTB/SmolVLM2-500M-Video-Instruct/resolve/main/generation_config.json "HTTP/1.1 307 Temporary Redirect"
2026-09-15 14:37:37,807 INFO httpx: HTTP Request: HEAD https://huggingface.co/api/resolve-cache/models/HuggingFaceTB/SmolVLM2-500M-Video-Instruct/7b375e1b73b11138ff12fe22c8f2822d8fe03467/generation_config.json?%2FHuggingFaceTB%2FSmolVLM2-500M-Video-Instruct%2Fresolve%2Fmain%2Fgeneration_config.json=&etag=%22eace9aa6d392fd94dbe0c90825074c53fd7ecd4a%22 "HTTP/1.1 200 OK"
2026-09-15 14:37:38,112 INFO httpx: HTTP Request: HEAD https://huggingface.co/HuggingFaceTB/SmolVLM2-500M-Video-Instruct/resolve/main/processor_config.json "HTTP/1.1 307 Temporary Redirect"
2026-09-15 14:37:38,143 INFO httpx: HTTP Request: HEAD https://huggingface.co/api/resolve-cache/models/HuggingFaceTB/SmolVLM2-500M-Video-Instruct/7b375e1b73b11138ff12fe22c8f2822d8fe03467/processor_config.json?%2FHuggingFaceTB%2FSmolVLM2-500M-Video-Instruct%2Fresolve%2Fmain%2Fprocessor_config.json=&etag=%2283df8c48da1f41e1a9129a4bc2aba000eb2b529f%22 "HTTP/1.1 200 OK"
2026-09-15 14:37:38,425 INFO httpx: HTTP Request: GET https://huggingface.co/api/models/HuggingFaceTB/SmolVLM2-500M-Video-Instruct/tree/main/additional_chat_templates?recursive=false&expand=false "HTTP/1.1 404 Not Found"
2026-09-15 14:37:38,728 INFO httpx: HTTP Request: HEAD https://huggingface.co/HuggingFaceTB/SmolVLM2-500M-Video-Instruct/resolve/main/processor_config.json "HTTP/1.1 307 Temporary Redirect"
2026-09-15 14:37:38,758 INFO httpx: HTTP Request: HEAD https://huggingface.co/api/resolve-cache/models/HuggingFaceTB/SmolVLM2-500M-Video-Instruct/7b375e1b73b11138ff12fe22c8f2822d8fe03467/processor_config.json?%2FHuggingFaceTB%2FSmolVLM2-500M-Video-Instruct%2Fresolve%2Fmain%2Fprocessor_config.json=&etag=%2283df8c48da1f41e1a9129a4bc2aba000eb2b529f%22 "HTTP/1.1 200 OK"
2026-09-15 14:37:39,048 INFO httpx: HTTP Request: HEAD https://huggingface.co/HuggingFaceTB/SmolVLM2-500M-Video-Instruct/resolve/main/chat_template.json "HTTP/1.1 307 Temporary Redirect"
2026-09-15 14:37:39,077 INFO httpx: HTTP Request: HEAD https://huggingface.co/api/resolve-cache/models/HuggingFaceTB/SmolVLM2-500M-Video-Instruct/7b375e1b73b11138ff12fe22c8f2822d8fe03467/chat_template.json?%2FHuggingFaceTB%2FSmolVLM2-500M-Video-Instruct%2Fresolve%2Fmain%2Fchat_template.json=&etag=%221d342e4f070c962a14ba4ece4e06212bc70d8e36%22 "HTTP/1.1 200 OK"
2026-09-15 14:37:39,390 INFO httpx: HTTP Request: HEAD https://huggingface.co/HuggingFaceTB/SmolVLM2-500M-Video-Instruct/resolve/main/chat_template.jinja "HTTP/1.1 404 Not Found"
2026-09-15 14:37:39,683 INFO httpx: HTTP Request: HEAD https://huggingface.co/HuggingFaceTB/SmolVLM2-500M-Video-Instruct/resolve/main/audio_tokenizer_config.json "HTTP/1.1 404 Not Found"
2026-09-15 14:37:40,059 INFO httpx: HTTP Request: GET https://huggingface.co/api/models/HuggingFaceTB/SmolVLM2-500M-Video-Instruct/tree/main/additional_chat_templates?recursive=false&expand=false "HTTP/1.1 404 Not Found"
2026-09-15 14:37:40,352 INFO httpx: HTTP Request: HEAD https://huggingface.co/HuggingFaceTB/SmolVLM2-500M-Video-Instruct/resolve/main/processor_config.json "HTTP/1.1 307 Temporary Redirect"
2026-09-15 14:37:40,376 INFO httpx: HTTP Request: HEAD https://huggingface.co/api/resolve-cache/models/HuggingFaceTB/SmolVLM2-500M-Video-Instruct/7b375e1b73b11138ff12fe22c8f2822d8fe03467/processor_config.json?%2FHuggingFaceTB%2FSmolVLM2-500M-Video-Instruct%2Fresolve%2Fmain%2Fprocessor_config.json=&etag=%2283df8c48da1f41e1a9129a4bc2aba000eb2b529f%22 "HTTP/1.1 200 OK"
2026-09-15 14:37:40,677 INFO httpx: HTTP Request: HEAD https://huggingface.co/HuggingFaceTB/SmolVLM2-500M-Video-Instruct/resolve/main/chat_template.json "HTTP/1.1 307 Temporary Redirect"
2026-09-15 14:37:40,701 INFO httpx: HTTP Request: HEAD https://huggingface.co/api/resolve-cache/models/HuggingFaceTB/SmolVLM2-500M-Video-Instruct/7b375e1b73b11138ff12fe22c8f2822d8fe03467/chat_template.json?%2FHuggingFaceTB%2FSmolVLM2-500M-Video-Instruct%2Fresolve%2Fmain%2Fchat_template.json=&etag=%221d342e4f070c962a14ba4ece4e06212bc70d8e36%22 "HTTP/1.1 200 OK"
2026-09-15 14:37:41,027 INFO httpx: HTTP Request: HEAD https://huggingface.co/HuggingFaceTB/SmolVLM2-500M-Video-Instruct/resolve/main/chat_template.jinja "HTTP/1.1 404 Not Found"
2026-09-15 14:37:41,338 INFO httpx: HTTP Request: HEAD https://huggingface.co/HuggingFaceTB/SmolVLM2-500M-Video-Instruct/resolve/main/audio_tokenizer_config.json "HTTP/1.1 404 Not Found"
2026-09-15 14:37:41,681 INFO httpx: HTTP Request: HEAD https://huggingface.co/HuggingFaceTB/SmolVLM2-500M-Video-Instruct/resolve/main/processor_config.json "HTTP/1.1 307 Temporary Redirect"
2026-09-15 14:37:41,712 INFO httpx: HTTP Request: HEAD https://huggingface.co/api/resolve-cache/models/HuggingFaceTB/SmolVLM2-500M-Video-Instruct/7b375e1b73b11138ff12fe22c8f2822d8fe03467/processor_config.json?%2FHuggingFaceTB%2FSmolVLM2-500M-Video-Instruct%2Fresolve%2Fmain%2Fprocessor_config.json=&etag=%2283df8c48da1f41e1a9129a4bc2aba000eb2b529f%22 "HTTP/1.1 200 OK"
2026-09-15 14:37:42,017 INFO httpx: HTTP Request: HEAD https://huggingface.co/HuggingFaceTB/SmolVLM2-500M-Video-Instruct/resolve/main/preprocessor_config.json "HTTP/1.1 307 Temporary Redirect"
2026-09-15 14:37:42,053 INFO httpx: HTTP Request: HEAD https://huggingface.co/api/resolve-cache/models/HuggingFaceTB/SmolVLM2-500M-Video-Instruct/7b375e1b73b11138ff12fe22c8f2822d8fe03467/preprocessor_config.json?%2FHuggingFaceTB%2FSmolVLM2-500M-Video-Instruct%2Fresolve%2Fmain%2Fpreprocessor_config.json=&etag=%22bf7669a38692ad141d333db3be18bd55cb6e2c59%22 "HTTP/1.1 200 OK"
2026-09-15 14:37:42,364 INFO httpx: HTTP Request: HEAD https://huggingface.co/HuggingFaceTB/SmolVLM2-500M-Video-Instruct/resolve/main/processor_config.json "HTTP/1.1 307 Temporary Redirect"
2026-09-15 14:37:42,396 INFO httpx: HTTP Request: HEAD https://huggingface.co/api/resolve-cache/models/HuggingFaceTB/SmolVLM2-500M-Video-Instruct/7b375e1b73b11138ff12fe22c8f2822d8fe03467/processor_config.json?%2FHuggingFaceTB%2FSmolVLM2-500M-Video-Instruct%2Fresolve%2Fmain%2Fprocessor_config.json=&etag=%2283df8c48da1f41e1a9129a4bc2aba000eb2b529f%22 "HTTP/1.1 200 OK"
2026-09-15 14:37:42,715 INFO httpx: HTTP Request: HEAD https://huggingface.co/HuggingFaceTB/SmolVLM2-500M-Video-Instruct/resolve/main/preprocessor_config.json "HTTP/1.1 307 Temporary Redirect"
2026-09-15 14:37:42,745 INFO httpx: HTTP Request: HEAD https://huggingface.co/api/resolve-cache/models/HuggingFaceTB/SmolVLM2-500M-Video-Instruct/7b375e1b73b11138ff12fe22c8f2822d8fe03467/preprocessor_config.json?%2FHuggingFaceTB%2FSmolVLM2-500M-Video-Instruct%2Fresolve%2Fmain%2Fpreprocessor_config.json=&etag=%22bf7669a38692ad141d333db3be18bd55cb6e2c59%22 "HTTP/1.1 200 OK"
2026-09-15 14:37:43,039 INFO httpx: HTTP Request: HEAD https://huggingface.co/HuggingFaceTB/SmolVLM2-500M-Video-Instruct/resolve/main/config.json "HTTP/1.1 307 Temporary Redirect"
2026-09-15 14:37:43,066 INFO httpx: HTTP Request: HEAD https://huggingface.co/api/resolve-cache/models/HuggingFaceTB/SmolVLM2-500M-Video-Instruct/7b375e1b73b11138ff12fe22c8f2822d8fe03467/config.json?%2FHuggingFaceTB%2FSmolVLM2-500M-Video-Instruct%2Fresolve%2Fmain%2Fconfig.json=&etag=%222463e842695989a207176fdb249327a494b05cfb%22 "HTTP/1.1 200 OK"
2026-09-15 14:37:43,373 INFO httpx: HTTP Request: HEAD https://huggingface.co/HuggingFaceTB/SmolVLM2-500M-Video-Instruct/resolve/main/tokenizer_config.json "HTTP/1.1 307 Temporary Redirect"
2026-09-15 14:37:43,397 INFO httpx: HTTP Request: HEAD https://huggingface.co/api/resolve-cache/models/HuggingFaceTB/SmolVLM2-500M-Video-Instruct/7b375e1b73b11138ff12fe22c8f2822d8fe03467/tokenizer_config.json?%2FHuggingFaceTB%2FSmolVLM2-500M-Video-Instruct%2Fresolve%2Fmain%2Ftokenizer_config.json=&etag=%22e4042a1126290fdb96ece2a4ad8dd7108c5de484%22 "HTTP/1.1 200 OK"
2026-09-15 14:37:43,721 INFO httpx: HTTP Request: GET https://huggingface.co/api/models/HuggingFaceTB/SmolVLM2-500M-Video-Instruct/tree/main/additional_chat_templates?recursive=false&expand=false "HTTP/1.1 404 Not Found"
2026-09-15 14:37:44,010 INFO httpx: HTTP Request: GET https://huggingface.co/api/models/HuggingFaceTB/SmolVLM2-500M-Video-Instruct/tree/main?recursive=true&expand=false "HTTP/1.1 200 OK"
2026-09-15 14:37:44,548 INFO httpx: HTTP Request: HEAD https://huggingface.co/HuggingFaceTB/SmolVLM2-500M-Video-Instruct/resolve/main/processor_config.json "HTTP/1.1 307 Temporary Redirect"
2026-09-15 14:37:44,570 INFO httpx: HTTP Request: HEAD https://huggingface.co/api/resolve-cache/models/HuggingFaceTB/SmolVLM2-500M-Video-Instruct/7b375e1b73b11138ff12fe22c8f2822d8fe03467/processor_config.json?%2FHuggingFaceTB%2FSmolVLM2-500M-Video-Instruct%2Fresolve%2Fmain%2Fprocessor_config.json=&etag=%2283df8c48da1f41e1a9129a4bc2aba000eb2b529f%22 "HTTP/1.1 200 OK"
2026-09-15 14:37:44,877 INFO httpx: HTTP Request: HEAD https://huggingface.co/HuggingFaceTB/SmolVLM2-500M-Video-Instruct/resolve/main/video_preprocessor_config.json "HTTP/1.1 404 Not Found"
2026-09-15 14:37:45,164 INFO httpx: HTTP Request: HEAD https://huggingface.co/HuggingFaceTB/SmolVLM2-500M-Video-Instruct/resolve/main/preprocessor_config.json "HTTP/1.1 307 Temporary Redirect"
2026-09-15 14:37:45,186 INFO httpx: HTTP Request: HEAD https://huggingface.co/api/resolve-cache/models/HuggingFaceTB/SmolVLM2-500M-Video-Instruct/7b375e1b73b11138ff12fe22c8f2822d8fe03467/preprocessor_config.json?%2FHuggingFaceTB%2FSmolVLM2-500M-Video-Instruct%2Fresolve%2Fmain%2Fpreprocessor_config.json=&etag=%22bf7669a38692ad141d333db3be18bd55cb6e2c59%22 "HTTP/1.1 200 OK"
2026-09-15 14:37:45,488 INFO httpx: HTTP Request: HEAD https://huggingface.co/HuggingFaceTB/SmolVLM2-500M-Video-Instruct/resolve/main/processor_config.json "HTTP/1.1 307 Temporary Redirect"
2026-09-15 14:37:45,513 INFO httpx: HTTP Request: HEAD https://huggingface.co/api/resolve-cache/models/HuggingFaceTB/SmolVLM2-500M-Video-Instruct/7b375e1b73b11138ff12fe22c8f2822d8fe03467/processor_config.json?%2FHuggingFaceTB%2FSmolVLM2-500M-Video-Instruct%2Fresolve%2Fmain%2Fprocessor_config.json=&etag=%2283df8c48da1f41e1a9129a4bc2aba000eb2b529f%22 "HTTP/1.1 200 OK"
2026-09-15 14:37:45,814 INFO httpx: HTTP Request: HEAD https://huggingface.co/HuggingFaceTB/SmolVLM2-500M-Video-Instruct/resolve/main/video_preprocessor_config.json "HTTP/1.1 404 Not Found"
2026-09-15 14:37:46,104 INFO httpx: HTTP Request: HEAD https://huggingface.co/HuggingFaceTB/SmolVLM2-500M-Video-Instruct/resolve/main/preprocessor_config.json "HTTP/1.1 307 Temporary Redirect"
2026-09-15 14:37:46,128 INFO httpx: HTTP Request: HEAD https://huggingface.co/api/resolve-cache/models/HuggingFaceTB/SmolVLM2-500M-Video-Instruct/7b375e1b73b11138ff12fe22c8f2822d8fe03467/preprocessor_config.json?%2FHuggingFaceTB%2FSmolVLM2-500M-Video-Instruct%2Fresolve%2Fmain%2Fpreprocessor_config.json=&etag=%22bf7669a38692ad141d333db3be18bd55cb6e2c59%22 "HTTP/1.1 200 OK"
2026-09-15 14:37:53,884 INFO httpx: HTTP Request: HEAD https://huggingface.co/lerobot/smolvla_base/resolve/main/model.safetensors "HTTP/1.1 302 Found"
2026-09-15 14:37:56,557 INFO httpx: HTTP Request: HEAD https://huggingface.co/lerobot/smolvla_base/resolve/main/policy_preprocessor.json "HTTP/1.1 307 Temporary Redirect"
2026-09-15 14:37:56,580 INFO httpx: HTTP Request: HEAD https://huggingface.co/api/resolve-cache/models/lerobot/smolvla_base/c83c3163b8ca9b7e67c509fffd9121e66cb96205/policy_preprocessor.json?%2Flerobot%2Fsmolvla_base%2Fresolve%2Fmain%2Fpolicy_preprocessor.json=&etag=%224df8f7cbce54095074f9cf31b663e5af5c006f85%22 "HTTP/1.1 200 OK"
2026-09-15 14:37:56,862 INFO httpx: HTTP Request: HEAD https://huggingface.co/HuggingFaceTB/SmolVLM2-500M-Video-Instruct/resolve/main/config.json "HTTP/1.1 307 Temporary Redirect"
2026-09-15 14:37:56,883 INFO httpx: HTTP Request: HEAD https://huggingface.co/api/resolve-cache/models/HuggingFaceTB/SmolVLM2-500M-Video-Instruct/7b375e1b73b11138ff12fe22c8f2822d8fe03467/config.json?%2FHuggingFaceTB%2FSmolVLM2-500M-Video-Instruct%2Fresolve%2Fmain%2Fconfig.json=&etag=%222463e842695989a207176fdb249327a494b05cfb%22 "HTTP/1.1 200 OK"
2026-09-15 14:37:57,177 INFO httpx: HTTP Request: HEAD https://huggingface.co/HuggingFaceTB/SmolVLM2-500M-Video-Instruct/resolve/main/tokenizer_config.json "HTTP/1.1 307 Temporary Redirect"
2026-09-15 14:37:57,203 INFO httpx: HTTP Request: HEAD https://huggingface.co/api/resolve-cache/models/HuggingFaceTB/SmolVLM2-500M-Video-Instruct/7b375e1b73b11138ff12fe22c8f2822d8fe03467/tokenizer_config.json?%2FHuggingFaceTB%2FSmolVLM2-500M-Video-Instruct%2Fresolve%2Fmain%2Ftokenizer_config.json=&etag=%22e4042a1126290fdb96ece2a4ad8dd7108c5de484%22 "HTTP/1.1 200 OK"
2026-09-15 14:37:57,483 INFO httpx: HTTP Request: GET https://huggingface.co/api/models/HuggingFaceTB/SmolVLM2-500M-Video-Instruct/tree/main/additional_chat_templates?recursive=false&expand=false "HTTP/1.1 404 Not Found"
2026-09-15 14:37:57,767 INFO httpx: HTTP Request: GET https://huggingface.co/api/models/HuggingFaceTB/SmolVLM2-500M-Video-Instruct/tree/main?recursive=true&expand=false "HTTP/1.1 200 OK"
2026-09-15 14:37:58,151 INFO httpx: HTTP Request: HEAD https://huggingface.co/lerobot/smolvla_base/resolve/main/policy_postprocessor.json "HTTP/1.1 307 Temporary Redirect"
2026-09-15 14:37:58,172 INFO httpx: HTTP Request: HEAD https://huggingface.co/api/resolve-cache/models/lerobot/smolvla_base/c83c3163b8ca9b7e67c509fffd9121e66cb96205/policy_postprocessor.json?%2Flerobot%2Fsmolvla_base%2Fresolve%2Fmain%2Fpolicy_postprocessor.json=&etag=%226f8997e5be18c67bad9377dd2cd9622ba38b5ae3%22 "HTTP/1.1 200 OK"
2026-09-15 14:37:58,180 WARNING src.model.smolvla_wrapper: postprocessor has no stats bound to the 'action' key: predicted actions are in NORMALISED units. Pass dataset_stats_key='so100' to bind one of the stored statistic sets.
2026-09-15 14:38:00,226 INFO rollout: action mapping:
action space in : normalized
model dim -> robosuite dim (OSC_POSE)
    0 -> 0 (dx)    ARBITRARY
    1 -> 1 (dy)    ARBITRARY
    2 -> 2 (dz)    ARBITRARY
    3 -> 3 (drx)    ARBITRARY
    4 -> 4 (dry)    ARBITRARY
    - -> 5 (drz)   held at 0, no counterpart
    5 -> 6 (gripper)  the one real correspondence
2026-09-15 14:38:03,410 INFO rollout: episode   0  success=False len= 60    3.2s  peak VRAM 1.75 GiB
2026-09-15 14:38:05,708 INFO rollout: episode   1  success=False len= 60    2.3s  peak VRAM 1.75 GiB
